 8.46992565e-01
 8.46992561e-01
 8.46569655e-01
 8.41974152e-01
 8.36814204e-01
 8.30838765e-01
 8.19785409e-01
 8.08438609e-01
 7.95380959e-01
 7.75374118e-01
 7.55519231e-01
 7.32644699e-01
 7.01665560e-01
 6.71751143e-01
 6.36977335e-01
 5.93978342e-01
 5.53681436e-01
 5.08513931e-01
 4.59074473e-01
 4.14204616e-01
 3.66763380e-01
 3.20341574e-01
 2.79604951e-01
 2.39766562e-01
 2.04040685e-01
 1.73412762e-01
 1.45264357e-01
 1.21267201e-01
 1.00715098e-01
 8.14833937e-02
 6.56516682e-02
 5.20736135e-02
 4.01282978e-02
 3.07368282e-02
 2.28575167e-02
 1.66511464e-02
 1.20226721e-02
 8.57393198e-03
 6.13420255e-03
 4.34983862e-03
 3.04712028e-03
 1.98016523e-03
 1.19707483e-03
 5.74180599e-04
 2.33691923e-04
 5.38600856e-05
 4.87843424e-06
 1.15717657e-09
 8.00894660e-19
 0.00000000e+00
